# serializer version: 1
# name: TestCliCommands.test_ls
  '''
  ╭─ foobar_ls_test ─────────────────────────────────────────────────────────────────────────────────────────────────────────────────────────────────────────────────────────────────────────────────────╮
  │ Name: foobar_ls_test                                                                                                                                                                                 │
  │ Status: ACTIVE                                                                                                                                                                                       │
  │ Items: 0                                                                                                                                                                                             │
  │ Size: 0 bytes                                                                                                                                                                                        │
  │ Read: N/A                                                                                                                                                                                            │
  │ Write: N/A                                                                                                                                                                                           │
  │ Hash Key: id (STRING)                                                                                                                                                                                │
  │ Range Key: range (NUMBER)                                                                                                                                                                            │
  │ Index: foo STRING INDEX KEY                                                                                                                                                                          │
  │ ──────────────────────────────────────────────────────────────────────────────────────────────────────────────────────────────────────────────────────────────────────────────────────────────────── │
  │ Global Indexes                                                                                                                                                                                       │
  │ ┏━━━━━━━━━━━┳━━━━━━┳━━━━━━━┳━━━━━━━━━┳━━━━━━┳━━━━━━━┳━━━━━━━━━━━━━━┳━━━━━━━━━━┳━━━━━━━━┓                                                                                                             │
  │ ┃ Name      ┃ Type ┃ Items ┃ Size    ┃ Read ┃ Write ┃ HashKey      ┃ RangeKey ┃ Status ┃                                                                                                             │
  │ ┡━━━━━━━━━━━╇━━━━━━╇━━━━━━━╇━━━━━━━━━╇━━━━━━╇━━━━━━━╇━━━━━━━━━━━━━━╇━━━━━━━━━━╇━━━━━━━━┩                                                                                                             │
  │ │ bar-index │ ALL  │ 0     │ 0 bytes │ 0/∞  │ 0/∞   │ bar (STRING) │          │ ACTIVE │                                                                                                             │
  │ └───────────┴──────┴───────┴─────────┴──────┴───────┴──────────────┴──────────┴────────┘                                                                                                             │
  ╰──────────────────────────────────────────────────────────────────────────────────────────────────────────────────────────────────────────────────────────────────────────────────────────────────────╯
  
  '''
# ---
# name: TestCliCommands.test_ls_with_multiple_tables
  '''
  Tables                                            
  ┏━━━━━━┳━━━━━━━┳━━━━━━┳━━━━━━━┳━━━━━━━━┳━━━━━━━━━┓
  ┃ Name ┃ Items ┃ Read ┃ Write ┃ Status ┃ Size    ┃
  ┡━━━━━━╇━━━━━━━╇━━━━━━╇━━━━━━━╇━━━━━━━━╇━━━━━━━━━┩
  │ bar  │ 0     │ 0    │ 0     │ ACTIVE │ 0 Bytes │
  │ foo  │ 0     │ 0    │ 0     │ ACTIVE │ 0 Bytes │
  └──────┴───────┴──────┴───────┴────────┴─────────┘
  
  '''
# ---
# name: TestCliCommands.test_scan_table
  '''
  {
      "bin": "YQ==",
      "binary_set": [
          "YTI=",
          "YTE="
      ],
      "bool": true,
      "dict": {
          "a": 1.0,
          "b": "c"
      },
      "id": "a",
      "list": [
          1.0,
          "a"
      ],
      "num": 1.0,
      "number_set": [
          1.0,
          2.0
      ],
      "string_set": [
          "a2",
          "a1"
      ]
  }
  
  
  '''
# ---
