# serializer version: 1
# name: TestCliCommands.test_ls
  '''
  ╭─ foobar ─────────────────────────────────────────────────────────────────────────────────────────────────────────────────────────────────────────────────────────────────────────────────────────────╮
  │ Name: foobar                                                                                                                                                                                         │
  │ Status: ACTIVE                                                                                                                                                                                       │
  │ Items: 1                                                                                                                                                                                             │
  │ Size: 85 bytes                                                                                                                                                                                       │
  │ Read: N/A                                                                                                                                                                                            │
  │ Write: N/A                                                                                                                                                                                           │
  │ Hash Key: id (STRING)                                                                                                                                                                                │
  │ ──────────────────────────────────────────────────────────────────────────────────────────────────────────────────────────────────────────────────────────────────────────────────────────────────── │
  │ Global Indexes                                                                                                                                                                                       │
  │ ┏━━━━━━┳━━━━━━┳━━━━━━━┳━━━━━━┳━━━━━━┳━━━━━━━┳━━━━━━━━━┳━━━━━━━━━━┳━━━━━━━━┓                                                                                                                          │
  │ ┃ Name ┃ Type ┃ Items ┃ Size ┃ Read ┃ Write ┃ HashKey ┃ RangeKey ┃ Status ┃                                                                                                                          │
  │ ┡━━━━━━╇━━━━━━╇━━━━━━━╇━━━━━━╇━━━━━━╇━━━━━━━╇━━━━━━━━━╇━━━━━━━━━━╇━━━━━━━━┩                                                                                                                          │
  │ └──────┴──────┴───────┴──────┴──────┴───────┴─────────┴──────────┴────────┘                                                                                                                          │
  ╰──────────────────────────────────────────────────────────────────────────────────────────────────────────────────────────────────────────────────────────────────────────────────────────────────────╯
  
  '''
# ---
# name: TestCliCommands.test_ls_with_multiple_tables
  '''
  Tables                                            
  ┏━━━━━━┳━━━━━━━┳━━━━━━┳━━━━━━━┳━━━━━━━━┳━━━━━━━━━┓
  ┃ Name ┃ Items ┃ Read ┃ Write ┃ Status ┃ Size    ┃
  ┡━━━━━━╇━━━━━━━╇━━━━━━╇━━━━━━━╇━━━━━━━━╇━━━━━━━━━┩
  │ bar  │ 0     │ 0    │ 0     │ ACTIVE │ 0 Bytes │
  │ foo  │ 0     │ 0    │ 0     │ ACTIVE │ 0 Bytes │
  └──────┴───────┴──────┴───────┴────────┴─────────┘
  
  '''
# ---
# name: TestCliCommands.test_scan_table
  '''
  {
      "bin": "YQ==",
      "binary_set": [
          "YTI=",
          "YTE="
      ],
      "bool": true,
      "dict": {
          "a": 1.0,
          "b": "c"
      },
      "id": "a",
      "list": [
          1.0,
          "a"
      ],
      "num": 1.0,
      "number_set": [
          1.0,
          2.0
      ],
      "string_set": [
          "a2",
          "a1"
      ]
  }
  
  
  '''
# ---
